
  .   ____          _            __ _ _
 /\\ / ___'_ __ _ _(_)_ __  __ _ \ \ \ \
( ( )\___ | '_ | '_| | '_ \/ _` | \ \ \ \
 \\/  ___)| |_)| | | | | || (_| |  ) ) ) )
  '  |____| .__|_| |_|_| |_\__, | / / / /
 =========|_|==============|___/=/_/_/_/

 :: Spring Boot ::                (v3.5.0)

2026-06-02T23:05:33.352+05:30  INFO 23996 --- [UberJavaFullStack] [           main] c.u.UberJavaFullStackApplication         : Starting UberJavaFullStackApplication v0.0.1-SNAPSHOT using Java 20.0.2 with PID 23996 (C:\Users\prajw\OneDrive\Desktop\Uber-Clone-main\UberJavaFullStack\target\uber-java-fullstack-0.0.1-SNAPSHOT.jar started by prajw in C:\Users\prajw\OneDrive\Desktop\Uber-Clone-main\UberJavaFullStack)
2026-06-02T23:05:33.356+05:30  INFO 23996 --- [UberJavaFullStack] [           main] c.u.UberJavaFullStackApplication         : No active profile set, falling back to 1 default profile: "default"
2026-06-02T23:05:34.173+05:30  INFO 23996 --- [UberJavaFullStack] [           main] .s.d.r.c.RepositoryConfigurationDelegate : Bootstrapping Spring Data JPA repositories in DEFAULT mode.
2026-06-02T23:05:34.243+05:30  INFO 23996 --- [UberJavaFullStack] [           main] .s.d.r.c.RepositoryConfigurationDelegate : Finished Spring Data repository scanning in 56 ms. Found 3 JPA repository interfaces.
2026-06-02T23:05:34.886+05:30  INFO 23996 --- [UberJavaFullStack] [           main] o.s.b.w.embedded.tomcat.TomcatWebServer  : Tomcat initialized with port 8081 (http)
2026-06-02T23:05:34.899+05:30  INFO 23996 --- [UberJavaFullStack] [           main] o.apache.catalina.core.StandardService   : Starting service [Tomcat]
2026-06-02T23:05:34.899+05:30  INFO 23996 --- [UberJavaFullStack] [           main] o.apache.catalina.core.StandardEngine    : Starting Servlet engine: [Apache Tomcat/10.1.41]
2026-06-02T23:05:34.925+05:30  INFO 23996 --- [UberJavaFullStack] [           main] o.a.c.c.C.[Tomcat].[localhost].[/]       : Initializing Spring embedded WebApplicationContext
2026-06-02T23:05:34.927+05:30  INFO 23996 --- [UberJavaFullStack] [           main] w.s.c.ServletWebServerApplicationContext : Root WebApplicationContext: initialization completed in 1509 ms
2026-06-02T23:05:35.186+05:30  INFO 23996 --- [UberJavaFullStack] [           main] o.hibernate.jpa.internal.util.LogHelper  : HHH000204: Processing PersistenceUnitInfo [name: default]
2026-06-02T23:05:35.282+05:30  INFO 23996 --- [UberJavaFullStack] [           main] org.hibernate.Version                    : HHH000412: Hibernate ORM core version 6.6.15.Final
2026-06-02T23:05:35.339+05:30  INFO 23996 --- [UberJavaFullStack] [           main] o.h.c.internal.RegionFactoryInitiator    : HHH000026: Second-level cache disabled
2026-06-02T23:05:35.721+05:30  INFO 23996 --- [UberJavaFullStack] [           main] o.s.o.j.p.SpringPersistenceUnitInfo      : No LoadTimeWeaver setup: ignoring JPA class transformer
2026-06-02T23:05:35.766+05:30  INFO 23996 --- [UberJavaFullStack] [           main] com.zaxxer.hikari.HikariDataSource       : HikariPool-1 - Starting...
2026-06-02T23:05:36.017+05:30  INFO 23996 --- [UberJavaFullStack] [           main] com.zaxxer.hikari.pool.HikariPool        : HikariPool-1 - Added connection conn0: url=jdbc:h2:file:./data/uberdb user=SA
2026-06-02T23:05:36.020+05:30  INFO 23996 --- [UberJavaFullStack] [           main] com.zaxxer.hikari.HikariDataSource       : HikariPool-1 - Start completed.
2026-06-02T23:05:36.080+05:30  INFO 23996 --- [UberJavaFullStack] [           main] org.hibernate.orm.connections.pooling    : HHH10001005: Database info:
	Database JDBC URL [Connecting through datasource 'HikariDataSource (HikariPool-1)']
	Database driver: undefined/unknown
	Database version: 2.3.232
	Autocommit mode: undefined/unknown
	Isolation level: undefined/unknown
	Minimum pool size: undefined/unknown
	Maximum pool size: undefined/unknown
2026-06-02T23:05:36.905+05:30  INFO 23996 --- [UberJavaFullStack] [           main] o.h.e.t.j.p.i.JtaPlatformInitiator       : HHH000489: No JTA platform available (set 'hibernate.transaction.jta.platform' to enable JTA platform integration)
2026-06-02T23:05:36.980+05:30  INFO 23996 --- [UberJavaFullStack] [           main] j.LocalContainerEntityManagerFactoryBean : Initialized JPA EntityManagerFactory for persistence unit 'default'
2026-06-02T23:05:37.893+05:30  INFO 23996 --- [UberJavaFullStack] [           main] o.s.b.a.w.s.WelcomePageHandlerMapping    : Adding welcome page: class path resource [static/index.html]
2026-06-02T23:05:38.209+05:30  INFO 23996 --- [UberJavaFullStack] [           main] o.s.b.a.h2.H2ConsoleAutoConfiguration    : H2 console available at '/h2-console'. Database available at 'jdbc:h2:file:./data/uberdb'
2026-06-02T23:05:38.318+05:30  INFO 23996 --- [UberJavaFullStack] [           main] o.s.b.w.embedded.tomcat.TomcatWebServer  : Tomcat started on port 8081 (http) with context path '/'
2026-06-02T23:05:38.337+05:30  INFO 23996 --- [UberJavaFullStack] [           main] c.u.UberJavaFullStackApplication         : Started UberJavaFullStackApplication in 5.565 seconds (process running for 6.072)
2026-06-02T23:05:40.295+05:30  INFO 23996 --- [UberJavaFullStack] [nio-8081-exec-1] o.a.c.c.C.[Tomcat].[localhost].[/]       : Initializing Spring DispatcherServlet 'dispatcherServlet'
2026-06-02T23:05:40.295+05:30  INFO 23996 --- [UberJavaFullStack] [nio-8081-exec-1] o.s.web.servlet.DispatcherServlet        : Initializing Servlet 'dispatcherServlet'
2026-06-02T23:05:40.296+05:30  INFO 23996 --- [UberJavaFullStack] [nio-8081-exec-1] o.s.web.servlet.DispatcherServlet        : Completed initialization in 1 ms
