Starting UberJavaFullStack on http://localhost:8081
Executable Spring Boot jar not found. Starting with Maven instead.
[INFO] Scanning for projects...
[INFO] 
[INFO] -----------------< com.uberclone:uber-java-fullstack >------------------
[INFO] Building UberJavaFullStack 0.0.1-SNAPSHOT
[INFO]   from pom.xml
[INFO] --------------------------------[ jar ]---------------------------------
[INFO] 
[INFO] >>> spring-boot:3.5.0:run (default-cli) > test-compile @ uber-java-fullstack >>>
[INFO] 
[INFO] --- resources:3.3.1:resources (default-resources) @ uber-java-fullstack ---
[INFO] Copying 1 resource from src\main\resources to target\classes
[INFO] Copying 3 resources from src\main\resources to target\classes
[INFO] 
[INFO] --- compiler:3.14.0:compile (default-compile) @ uber-java-fullstack ---
[INFO] Nothing to compile - all classes are up to date.
[INFO] 
[INFO] --- resources:3.3.1:testResources (default-testResources) @ uber-java-fullstack ---
[INFO] skip non existing resourceDirectory C:\Users\prajw\OneDrive\Desktop\Uber-Clone-main\UberJavaFullStack\src\test\resources
[INFO] 
[INFO] --- compiler:3.14.0:testCompile (default-testCompile) @ uber-java-fullstack ---
[INFO] Nothing to compile - all classes are up to date.
[INFO] 
[INFO] <<< spring-boot:3.5.0:run (default-cli) < test-compile @ uber-java-fullstack <<<
[INFO] 
[INFO] 
[INFO] --- spring-boot:3.5.0:run (default-cli) @ uber-java-fullstack ---
[INFO] Attaching agents: []

  .   ____          _            __ _ _
 /\\ / ___'_ __ _ _(_)_ __  __ _ \ \ \ \
( ( )\___ | '_ | '_| | '_ \/ _` | \ \ \ \
 \\/  ___)| |_)| | | | | || (_| |  ) ) ) )
  '  |____| .__|_| |_|_| |_\__, | / / / /
 =========|_|==============|___/=/_/_/_/

 :: Spring Boot ::                (v3.5.0)

2026-05-19T22:36:50.778+05:30  INFO 3504 --- [UberJavaFullStack] [           main] c.u.UberJavaFullStackApplication         : Starting UberJavaFullStackApplication using Java 20.0.2 with PID 3504 (C:\Users\prajw\OneDrive\Desktop\Uber-Clone-main\UberJavaFullStack\target\classes started by prajw in C:\Users\prajw\OneDrive\Desktop\Uber-Clone-main\UberJavaFullStack)
2026-05-19T22:36:50.781+05:30  INFO 3504 --- [UberJavaFullStack] [           main] c.u.UberJavaFullStackApplication         : No active profile set, falling back to 1 default profile: "default"
2026-05-19T22:36:51.348+05:30  INFO 3504 --- [UberJavaFullStack] [           main] .s.d.r.c.RepositoryConfigurationDelegate : Bootstrapping Spring Data JPA repositories in DEFAULT mode.
2026-05-19T22:36:51.408+05:30  INFO 3504 --- [UberJavaFullStack] [           main] .s.d.r.c.RepositoryConfigurationDelegate : Finished Spring Data repository scanning in 50 ms. Found 3 JPA repository interfaces.
2026-05-19T22:36:51.813+05:30  INFO 3504 --- [UberJavaFullStack] [           main] o.s.b.w.embedded.tomcat.TomcatWebServer  : Tomcat initialized with port 8081 (http)
2026-05-19T22:36:51.826+05:30  INFO 3504 --- [UberJavaFullStack] [           main] o.apache.catalina.core.StandardService   : Starting service [Tomcat]
2026-05-19T22:36:51.826+05:30  INFO 3504 --- [UberJavaFullStack] [           main] o.apache.catalina.core.StandardEngine    : Starting Servlet engine: [Apache Tomcat/10.1.41]
2026-05-19T22:36:51.874+05:30  INFO 3504 --- [UberJavaFullStack] [           main] o.a.c.c.C.[Tomcat].[localhost].[/]       : Initializing Spring embedded WebApplicationContext
2026-05-19T22:36:51.875+05:30  INFO 3504 --- [UberJavaFullStack] [           main] w.s.c.ServletWebServerApplicationContext : Root WebApplicationContext: initialization completed in 1045 ms
2026-05-19T22:36:52.003+05:30  INFO 3504 --- [UberJavaFullStack] [           main] o.hibernate.jpa.internal.util.LogHelper  : HHH000204: Processing PersistenceUnitInfo [name: default]
2026-05-19T22:36:52.041+05:30  INFO 3504 --- [UberJavaFullStack] [           main] org.hibernate.Version                    : HHH000412: Hibernate ORM core version 6.6.15.Final
2026-05-19T22:36:52.066+05:30  INFO 3504 --- [UberJavaFullStack] [           main] o.h.c.internal.RegionFactoryInitiator    : HHH000026: Second-level cache disabled
2026-05-19T22:36:52.318+05:30  INFO 3504 --- [UberJavaFullStack] [           main] o.s.o.j.p.SpringPersistenceUnitInfo      : No LoadTimeWeaver setup: ignoring JPA class transformer
2026-05-19T22:36:52.347+05:30  INFO 3504 --- [UberJavaFullStack] [           main] com.zaxxer.hikari.HikariDataSource       : HikariPool-1 - Starting...
2026-05-19T22:36:52.645+05:30  INFO 3504 --- [UberJavaFullStack] [           main] com.zaxxer.hikari.pool.HikariPool        : HikariPool-1 - Added connection conn0: url=jdbc:h2:file:./data/uberdb user=SA
2026-05-19T22:36:52.648+05:30  INFO 3504 --- [UberJavaFullStack] [           main] com.zaxxer.hikari.HikariDataSource       : HikariPool-1 - Start completed.
2026-05-19T22:36:52.702+05:30  INFO 3504 --- [UberJavaFullStack] [           main] org.hibernate.orm.connections.pooling    : HHH10001005: Database info:
	Database JDBC URL [Connecting through datasource 'HikariDataSource (HikariPool-1)']
	Database driver: undefined/unknown
	Database version: 2.3.232
	Autocommit mode: undefined/unknown
	Isolation level: undefined/unknown
	Minimum pool size: undefined/unknown
	Maximum pool size: undefined/unknown
2026-05-19T22:36:53.639+05:30  INFO 3504 --- [UberJavaFullStack] [           main] o.h.e.t.j.p.i.JtaPlatformInitiator       : HHH000489: No JTA platform available (set 'hibernate.transaction.jta.platform' to enable JTA platform integration)
2026-05-19T22:36:53.718+05:30  INFO 3504 --- [UberJavaFullStack] [           main] j.LocalContainerEntityManagerFactoryBean : Initialized JPA EntityManagerFactory for persistence unit 'default'
2026-05-19T22:36:54.519+05:30  INFO 3504 --- [UberJavaFullStack] [           main] o.s.b.a.h2.H2ConsoleAutoConfiguration    : H2 console available at '/h2-console'. Database available at 'jdbc:h2:file:./data/uberdb'
2026-05-19T22:36:54.603+05:30  INFO 3504 --- [UberJavaFullStack] [           main] o.s.b.w.embedded.tomcat.TomcatWebServer  : Tomcat started on port 8081 (http) with context path '/'
2026-05-19T22:36:54.615+05:30  INFO 3504 --- [UberJavaFullStack] [           main] c.u.UberJavaFullStackApplication         : Started UberJavaFullStackApplication in 4.257 seconds (process running for 4.604)
2026-05-19T22:36:57.656+05:30  INFO 3504 --- [UberJavaFullStack] [nio-8081-exec-3] o.a.c.c.C.[Tomcat].[localhost].[/]       : Initializing Spring DispatcherServlet 'dispatcherServlet'
2026-05-19T22:36:57.657+05:30  INFO 3504 --- [UberJavaFullStack] [nio-8081-exec-3] o.s.web.servlet.DispatcherServlet        : Initializing Servlet 'dispatcherServlet'
2026-05-19T22:36:57.660+05:30  INFO 3504 --- [UberJavaFullStack] [nio-8081-exec-3] o.s.web.servlet.DispatcherServlet        : Completed initialization in 2 ms
[INFO] ------------------------------------------------------------------------
[INFO] BUILD FAILURE
[INFO] ------------------------------------------------------------------------
[INFO] Total time:  01:07 min
[INFO] Finished at: 2026-05-19T22:37:55+05:30
[INFO] ------------------------------------------------------------------------
[ERROR] Failed to execute goal org.springframework.boot:spring-boot-maven-plugin:3.5.0:run (default-cli) on project uber-java-fullstack: Process terminated with exit code: -1 -> [Help 1]
[ERROR] 
[ERROR] To see the full stack trace of the errors, re-run Maven with the -e switch.
[ERROR] Re-run Maven using the -X switch to enable full debug logging.
[ERROR] 
[ERROR] For more information about the errors and possible solutions, please read the following articles:
[ERROR] [Help 1] http://cwiki.apache.org/confluence/display/MAVEN/MojoExecutionException
