[INFO] Scanning for projects...
[INFO] 
[INFO] -----------------< com.uberclone:uber-java-fullstack >------------------
[INFO] Building UberJavaFullStack 0.0.1-SNAPSHOT
[INFO]   from pom.xml
[INFO] --------------------------------[ jar ]---------------------------------
[INFO] 
[INFO] >>> spring-boot:3.5.0:run (default-cli) > test-compile @ uber-java-fullstack >>>
[INFO] 
[INFO] --- resources:3.3.1:resources (default-resources) @ uber-java-fullstack ---
[INFO] Copying 1 resource from src\main\resources to target\classes
[INFO] Copying 3 resources from src\main\resources to target\classes
[INFO] 
[INFO] --- compiler:3.14.0:compile (default-compile) @ uber-java-fullstack ---
[INFO] Nothing to compile - all classes are up to date.
[INFO] 
[INFO] --- resources:3.3.1:testResources (default-testResources) @ uber-java-fullstack ---
[INFO] skip non existing resourceDirectory C:\Users\prajw\OneDrive\Desktop\Uber-Clone-main\UberJavaFullStack\src\test\resources
[INFO] 
[INFO] --- compiler:3.14.0:testCompile (default-testCompile) @ uber-java-fullstack ---
[INFO] Nothing to compile - all classes are up to date.
[INFO] 
[INFO] <<< spring-boot:3.5.0:run (default-cli) < test-compile @ uber-java-fullstack <<<
[INFO] 
[INFO] 
[INFO] --- spring-boot:3.5.0:run (default-cli) @ uber-java-fullstack ---
[INFO] Attaching agents: []

  .   ____          _            __ _ _
 /\\ / ___'_ __ _ _(_)_ __  __ _ \ \ \ \
( ( )\___ | '_ | '_| | '_ \/ _` | \ \ \ \
 \\/  ___)| |_)| | | | | || (_| |  ) ) ) )
  '  |____| .__|_| |_|_| |_\__, | / / / /
 =========|_|==============|___/=/_/_/_/

 :: Spring Boot ::                (v3.5.0)

2026-05-17T13:36:12.053+05:30  INFO 28540 --- [UberJavaFullStack] [           main] c.u.UberJavaFullStackApplication         : Starting UberJavaFullStackApplication using Java 20.0.2 with PID 28540 (C:\Users\prajw\OneDrive\Desktop\Uber-Clone-main\UberJavaFullStack\target\classes started by prajw in C:\Users\prajw\OneDrive\Desktop\Uber-Clone-main\UberJavaFullStack)
2026-05-17T13:36:12.056+05:30  INFO 28540 --- [UberJavaFullStack] [           main] c.u.UberJavaFullStackApplication         : No active profile set, falling back to 1 default profile: "default"
2026-05-17T13:36:12.682+05:30  INFO 28540 --- [UberJavaFullStack] [           main] .s.d.r.c.RepositoryConfigurationDelegate : Bootstrapping Spring Data JPA repositories in DEFAULT mode.
2026-05-17T13:36:12.755+05:30  INFO 28540 --- [UberJavaFullStack] [           main] .s.d.r.c.RepositoryConfigurationDelegate : Finished Spring Data repository scanning in 61 ms. Found 3 JPA repository interfaces.
2026-05-17T13:36:13.196+05:30  INFO 28540 --- [UberJavaFullStack] [           main] o.s.b.w.embedded.tomcat.TomcatWebServer  : Tomcat initialized with port 8081 (http)
2026-05-17T13:36:13.210+05:30  INFO 28540 --- [UberJavaFullStack] [           main] o.apache.catalina.core.StandardService   : Starting service [Tomcat]
2026-05-17T13:36:13.210+05:30  INFO 28540 --- [UberJavaFullStack] [           main] o.apache.catalina.core.StandardEngine    : Starting Servlet engine: [Apache Tomcat/10.1.41]
2026-05-17T13:36:13.292+05:30  INFO 28540 --- [UberJavaFullStack] [           main] o.a.c.c.C.[Tomcat].[localhost].[/]       : Initializing Spring embedded WebApplicationContext
2026-05-17T13:36:13.293+05:30  INFO 28540 --- [UberJavaFullStack] [           main] w.s.c.ServletWebServerApplicationContext : Root WebApplicationContext: initialization completed in 1191 ms
2026-05-17T13:36:13.483+05:30  INFO 28540 --- [UberJavaFullStack] [           main] o.hibernate.jpa.internal.util.LogHelper  : HHH000204: Processing PersistenceUnitInfo [name: default]
2026-05-17T13:36:13.518+05:30  INFO 28540 --- [UberJavaFullStack] [           main] org.hibernate.Version                    : HHH000412: Hibernate ORM core version 6.6.15.Final
2026-05-17T13:36:13.547+05:30  INFO 28540 --- [UberJavaFullStack] [           main] o.h.c.internal.RegionFactoryInitiator    : HHH000026: Second-level cache disabled
2026-05-17T13:36:13.826+05:30  INFO 28540 --- [UberJavaFullStack] [           main] o.s.o.j.p.SpringPersistenceUnitInfo      : No LoadTimeWeaver setup: ignoring JPA class transformer
2026-05-17T13:36:13.855+05:30  INFO 28540 --- [UberJavaFullStack] [           main] com.zaxxer.hikari.HikariDataSource       : HikariPool-1 - Starting...
2026-05-17T13:36:14.009+05:30  INFO 28540 --- [UberJavaFullStack] [           main] com.zaxxer.hikari.pool.HikariPool        : HikariPool-1 - Added connection conn0: url=jdbc:h2:mem:uberdb user=SA
2026-05-17T13:36:14.012+05:30  INFO 28540 --- [UberJavaFullStack] [           main] com.zaxxer.hikari.HikariDataSource       : HikariPool-1 - Start completed.
2026-05-17T13:36:14.060+05:30  INFO 28540 --- [UberJavaFullStack] [           main] org.hibernate.orm.connections.pooling    : HHH10001005: Database info:
	Database JDBC URL [Connecting through datasource 'HikariDataSource (HikariPool-1)']
	Database driver: undefined/unknown
	Database version: 2.3.232
	Autocommit mode: undefined/unknown
	Isolation level: undefined/unknown
	Minimum pool size: undefined/unknown
	Maximum pool size: undefined/unknown
2026-05-17T13:36:15.019+05:30  INFO 28540 --- [UberJavaFullStack] [           main] o.h.e.t.j.p.i.JtaPlatformInitiator       : HHH000489: No JTA platform available (set 'hibernate.transaction.jta.platform' to enable JTA platform integration)
2026-05-17T13:36:15.072+05:30  INFO 28540 --- [UberJavaFullStack] [           main] j.LocalContainerEntityManagerFactoryBean : Initialized JPA EntityManagerFactory for persistence unit 'default'
2026-05-17T13:36:15.814+05:30  INFO 28540 --- [UberJavaFullStack] [           main] o.s.b.a.h2.H2ConsoleAutoConfiguration    : H2 console available at '/h2-console'. Database available at 'jdbc:h2:mem:uberdb'
2026-05-17T13:36:15.890+05:30  INFO 28540 --- [UberJavaFullStack] [           main] o.s.b.w.embedded.tomcat.TomcatWebServer  : Tomcat started on port 8081 (http) with context path '/'
2026-05-17T13:36:15.899+05:30  INFO 28540 --- [UberJavaFullStack] [           main] c.u.UberJavaFullStackApplication         : Started UberJavaFullStackApplication in 4.304 seconds (process running for 4.628)
2026-05-17T13:36:15.995+05:30  INFO 28540 --- [UberJavaFullStack] [nio-8081-exec-2] o.a.c.c.C.[Tomcat].[localhost].[/]       : Initializing Spring DispatcherServlet 'dispatcherServlet'
2026-05-17T13:36:15.996+05:30  INFO 28540 --- [UberJavaFullStack] [nio-8081-exec-2] o.s.web.servlet.DispatcherServlet        : Initializing Servlet 'dispatcherServlet'
2026-05-17T13:36:15.998+05:30  INFO 28540 --- [UberJavaFullStack] [nio-8081-exec-2] o.s.web.servlet.DispatcherServlet        : Completed initialization in 1 ms
[INFO] ------------------------------------------------------------------------
[INFO] BUILD FAILURE
[INFO] ------------------------------------------------------------------------
[INFO] Total time:  03:59 min
[INFO] Finished at: 2026-05-17T13:40:09+05:30
[INFO] ------------------------------------------------------------------------
[ERROR] Failed to execute goal org.springframework.boot:spring-boot-maven-plugin:3.5.0:run (default-cli) on project uber-java-fullstack: Process terminated with exit code: -1 -> [Help 1]
[ERROR] 
[ERROR] To see the full stack trace of the errors, re-run Maven with the -e switch.
[ERROR] Re-run Maven using the -X switch to enable full debug logging.
[ERROR] 
[ERROR] For more information about the errors and possible solutions, please read the following articles:
[ERROR] [Help 1] http://cwiki.apache.org/confluence/display/MAVEN/MojoExecutionException
